// Jest Snapshot v1, https://goo.gl/fbAQLP

exports[`Item renders properly 1`] = `
ShallowWrapper {
  Symbol(enzyme.__root__): [Circular],
  Symbol(enzyme.__unrendered__): <Item
    item={
        Object {
            "description": "milk",
            "id": 1,
            "price": 0,
          }
    }
    voidItem={[Function]}
/>,
  Symbol(enzyme.__renderer__): Object {
    "batchedUpdates": [Function],
    "getNode": [Function],
    "render": [Function],
    "simulateEvent": [Function],
    "unmount": [Function],
  },
  Symbol(enzyme.__node__): Object {
    "instance": null,
    "key": undefined,
    "nodeType": "host",
    "props": Object {
      "children": Array [
        <Form
          bsClass="form"
          componentClass="form"
          horizontal={false}
          inline={false}
>
          <FormGroup
                    bsClass="form-group"
          >
                    <ControlLabel
                              bsClass="control-label"
                              srOnly={false}
                    >
                              Item
                    </ControlLabel>
                    <FormControl
                              bsClass="form-control"
                              className="input-description"
                              componentClass="input"
                              onChange={[Function]}
                    />
                    <ControlLabel
                              bsClass="control-label"
                              srOnly={false}
                    >
                              Price
                    </ControlLabel>
                    <FormControl
                              bsClass="form-control"
                              className="input-price"
                              componentClass="input"
                              onChange={[Function]}
                    />
          </FormGroup>
</Form>,
        <Button
          active={false}
          block={false}
          bsClass="btn"
          bsStyle="default"
          className="btn-void"
          disabled={false}
          onClick={[Function]}
>
          Void
</Button>,
      ],
      "className": "item",
    },
    "ref": null,
    "rendered": Array [
      Object {
        "instance": null,
        "key": undefined,
        "nodeType": "class",
        "props": Object {
          "bsClass": "form",
          "children": <FormGroup
            bsClass="form-group"
>
            <ControlLabel
                        bsClass="control-label"
                        srOnly={false}
            >
                        Item
            </ControlLabel>
            <FormControl
                        bsClass="form-control"
                        className="input-description"
                        componentClass="input"
                        onChange={[Function]}
            />
            <ControlLabel
                        bsClass="control-label"
                        srOnly={false}
            >
                        Price
            </ControlLabel>
            <FormControl
                        bsClass="form-control"
                        className="input-price"
                        componentClass="input"
                        onChange={[Function]}
            />
</FormGroup>,
          "componentClass": "form",
          "horizontal": false,
          "inline": false,
        },
        "ref": null,
        "rendered": Object {
          "instance": null,
          "key": undefined,
          "nodeType": "class",
          "props": Object {
            "bsClass": "form-group",
            "children": Array [
              <ControlLabel
                bsClass="control-label"
                srOnly={false}
>
                Item
</ControlLabel>,
              <FormControl
                bsClass="form-control"
                className="input-description"
                componentClass="input"
                onChange={[Function]}
/>,
              <ControlLabel
                bsClass="control-label"
                srOnly={false}
>
                Price
</ControlLabel>,
              <FormControl
                bsClass="form-control"
                className="input-price"
                componentClass="input"
                onChange={[Function]}
/>,
            ],
          },
          "ref": null,
          "rendered": Array [
            Object {
              "instance": null,
              "key": undefined,
              "nodeType": "class",
              "props": Object {
                "bsClass": "control-label",
                "children": "Item",
                "srOnly": false,
              },
              "ref": null,
              "rendered": "Item",
              "type": [Function],
            },
            Object {
              "instance": null,
              "key": undefined,
              "nodeType": "class",
              "props": Object {
                "bsClass": "form-control",
                "className": "input-description",
                "componentClass": "input",
                "onChange": [Function],
              },
              "ref": null,
              "rendered": null,
              "type": [Function],
            },
            Object {
              "instance": null,
              "key": undefined,
              "nodeType": "class",
              "props": Object {
                "bsClass": "control-label",
                "children": "Price",
                "srOnly": false,
              },
              "ref": null,
              "rendered": "Price",
              "type": [Function],
            },
            Object {
              "instance": null,
              "key": undefined,
              "nodeType": "class",
              "props": Object {
                "bsClass": "form-control",
                "className": "input-price",
                "componentClass": "input",
                "onChange": [Function],
              },
              "ref": null,
              "rendered": null,
              "type": [Function],
            },
          ],
          "type": [Function],
        },
        "type": [Function],
      },
      Object {
        "instance": null,
        "key": undefined,
        "nodeType": "class",
        "props": Object {
          "active": false,
          "block": false,
          "bsClass": "btn",
          "bsStyle": "default",
          "children": "Void",
          "className": "btn-void",
          "disabled": false,
          "onClick": [Function],
        },
        "ref": null,
        "rendered": "Void",
        "type": [Function],
      },
    ],
    "type": "div",
  },
  Symbol(enzyme.__nodes__): Array [
    Object {
      "instance": null,
      "key": undefined,
      "nodeType": "host",
      "props": Object {
        "children": Array [
          <Form
            bsClass="form"
            componentClass="form"
            horizontal={false}
            inline={false}
>
            <FormGroup
                        bsClass="form-group"
            >
                        <ControlLabel
                                    bsClass="control-label"
                                    srOnly={false}
                        >
                                    Item
                        </ControlLabel>
                        <FormControl
                                    bsClass="form-control"
                                    className="input-description"
                                    componentClass="input"
                                    onChange={[Function]}
                        />
                        <ControlLabel
                                    bsClass="control-label"
                                    srOnly={false}
                        >
                                    Price
                        </ControlLabel>
                        <FormControl
                                    bsClass="form-control"
                                    className="input-price"
                                    componentClass="input"
                                    onChange={[Function]}
                        />
            </FormGroup>
</Form>,
          <Button
            active={false}
            block={false}
            bsClass="btn"
            bsStyle="default"
            className="btn-void"
            disabled={false}
            onClick={[Function]}
>
            Void
</Button>,
        ],
        "className": "item",
      },
      "ref": null,
      "rendered": Array [
        Object {
          "instance": null,
          "key": undefined,
          "nodeType": "class",
          "props": Object {
            "bsClass": "form",
            "children": <FormGroup
              bsClass="form-group"
>
              <ControlLabel
                            bsClass="control-label"
                            srOnly={false}
              >
                            Item
              </ControlLabel>
              <FormControl
                            bsClass="form-control"
                            className="input-description"
                            componentClass="input"
                            onChange={[Function]}
              />
              <ControlLabel
                            bsClass="control-label"
                            srOnly={false}
              >
                            Price
              </ControlLabel>
              <FormControl
                            bsClass="form-control"
                            className="input-price"
                            componentClass="input"
                            onChange={[Function]}
              />
</FormGroup>,
            "componentClass": "form",
            "horizontal": false,
            "inline": false,
          },
          "ref": null,
          "rendered": Object {
            "instance": null,
            "key": undefined,
            "nodeType": "class",
            "props": Object {
              "bsClass": "form-group",
              "children": Array [
                <ControlLabel
                  bsClass="control-label"
                  srOnly={false}
>
                  Item
</ControlLabel>,
                <FormControl
                  bsClass="form-control"
                  className="input-description"
                  componentClass="input"
                  onChange={[Function]}
/>,
                <ControlLabel
                  bsClass="control-label"
                  srOnly={false}
>
                  Price
</ControlLabel>,
                <FormControl
                  bsClass="form-control"
                  className="input-price"
                  componentClass="input"
                  onChange={[Function]}
/>,
              ],
            },
            "ref": null,
            "rendered": Array [
              Object {
                "instance": null,
                "key": undefined,
                "nodeType": "class",
                "props": Object {
                  "bsClass": "control-label",
                  "children": "Item",
                  "srOnly": false,
                },
                "ref": null,
                "rendered": "Item",
                "type": [Function],
              },
              Object {
                "instance": null,
                "key": undefined,
                "nodeType": "class",
                "props": Object {
                  "bsClass": "form-control",
                  "className": "input-description",
                  "componentClass": "input",
                  "onChange": [Function],
                },
                "ref": null,
                "rendered": null,
                "type": [Function],
              },
              Object {
                "instance": null,
                "key": undefined,
                "nodeType": "class",
                "props": Object {
                  "bsClass": "control-label",
                  "children": "Price",
                  "srOnly": false,
                },
                "ref": null,
                "rendered": "Price",
                "type": [Function],
              },
              Object {
                "instance": null,
                "key": undefined,
                "nodeType": "class",
                "props": Object {
                  "bsClass": "form-control",
                  "className": "input-price",
                  "componentClass": "input",
                  "onChange": [Function],
                },
                "ref": null,
                "rendered": null,
                "type": [Function],
              },
            ],
            "type": [Function],
          },
          "type": [Function],
        },
        Object {
          "instance": null,
          "key": undefined,
          "nodeType": "class",
          "props": Object {
            "active": false,
            "block": false,
            "bsClass": "btn",
            "bsStyle": "default",
            "children": "Void",
            "className": "btn-void",
            "disabled": false,
            "onClick": [Function],
          },
          "ref": null,
          "rendered": "Void",
          "type": [Function],
        },
      ],
      "type": "div",
    },
  ],
  Symbol(enzyme.__options__): Object {
    "adapter": ReactSixteenAdapter {
      "options": Object {
        "enableComponentDidUpdateOnSetState": true,
        "lifecycles": Object {
          "componentDidUpdate": Object {
            "onSetState": true,
          },
          "getSnapshotBeforeUpdate": true,
        },
      },
    },
    "attachTo": undefined,
    "disableLifecycleMethods": true,
    "hydrateIn": undefined,
  },
}
`;
